+ set -Eeuo pipefail
+ trap debug_error ERR
+ ENV_FILE=/opt/zabbix-config-backup/conf/backup.env
+ [[ -f /opt/zabbix-config-backup/conf/backup.env ]]
+ source /opt/zabbix-config-backup/conf/backup.env
++ TZ=Asia/Bangkok
++ PROJECT_DIR=/opt/zabbix-config-backup
++ BACKUP_BASE=/opt/zabbix-config-backup/storage
++ ZABBIX_ETC_PATH=/etc/zabbix
++ ENABLE_DB_BACKUP=true
++ DB_TYPE=postgresql
++ DB_HOST=172.16.0.3
++ DB_PORT=5432
++ DB_NAME=zabbix
++ DB_USER=zabbix
++ DB_PASS=123456
++ DB_BACKUP_MODE=config_only
++ PG_DUMP_FORMAT=custom
++ ENABLE_API_EXPORT=true
++ ZBX_URL=http://127.0.0.1:8080
++ ZBX_TOKEN=8662a2cca8150aca47315a0cf111f2cf179b1dd2016d434f1b48ef3d48532079
++ EXPORT_FORMAT=json
++ EXPORT_TEMPLATES=true
++ EXPORT_HOSTS=true
++ EXPORT_HOST_GROUPS=true
++ EXPORT_MEDIA_TYPES=true
++ EXPORT_ACTIONS=true
++ EXPORT_VALUE_MAPS=true
++ EXPORT_MAPS=true
++ EXPORT_MAINTENANCE=true
++ ENABLE_ETC_BACKUP=true
++ EXTRA_ETC_PATHS=
++ RETENTION_DAYS=30
++ LOG_FILE=/opt/zabbix-config-backup/storage/zabbix-config-backup.log
++ CURL_BIN=curl
++ JQ_BIN=jq
++ EXCLUDE_TABLES_FILE=/opt/zabbix-config-backup/conf/exclude_tables.txt
+ export TZ=Asia/Bangkok
+ TZ=Asia/Bangkok
++ date +%F_%H%M%S
+ DATE=2026-04-26_132225
+ PROJECT_DIR=/opt/zabbix-config-backup
+ BACKUP_BASE=/opt/zabbix-config-backup/storage
+ LOG_FILE=/opt/zabbix-config-backup/storage/zabbix-config-backup.log
+ mkdir -p /opt/zabbix-config-backup/storage/db /opt/zabbix-config-backup/storage/etc /opt/zabbix-config-backup/storage/exports /opt/zabbix-config-backup/manifests
+ source /opt/zabbix-config-backup/scripts/backup_db.sh
++ set -Eeuo pipefail
+ source /opt/zabbix-config-backup/scripts/backup_etc.sh
+ source /opt/zabbix-config-backup/scripts/export_api.sh
+ main
+ log INFO '========== START ZABBIX CONFIG BACKUP 2026-04-26_132225 =========='
+ local level=INFO
+ shift
+ tee -a /opt/zabbix-config-backup/storage/zabbix-config-backup.log
++ date '+%F %T'
+ echo '[2026-04-26 13:22:25] [INFO] ========== START ZABBIX CONFIG BACKUP 2026-04-26_132225 =========='
[2026-04-26 13:22:25] [INFO] ========== START ZABBIX CONFIG BACKUP 2026-04-26_132225 ==========
+ check_dependencies
+ require_cmd tar
+ command -v tar
+ require_cmd gzip
+ command -v gzip
+ require_cmd jq
+ command -v jq
+ require_cmd curl
+ command -v curl
+ [[ true == \t\r\u\e ]]
+ case "${DB_TYPE}" in
+ require_cmd pg_dump
+ command -v pg_dump
+ require_cmd psql
+ command -v psql
+ backup_db
+ DB_BACKUP_FILE=
+ DB_STATUS=skipped
+ [[ true != \t\r\u\e ]]
+ mkdir -p /opt/zabbix-config-backup/storage/db
+ case "${DB_TYPE}" in
+ backup_db_postgresql
+ local outfile
+ exclude_args=()
+ local -a exclude_args
+ local tbl
+ [[ config_only == \c\o\n\f\i\g\_\o\n\l\y ]]
+ IFS=
+ read -r tbl
++ read_exclude_tables
++ local file=/opt/zabbix-config-backup/conf/exclude_tables.txt
++ [[ -f /opt/zabbix-config-backup/conf/exclude_tables.txt ]]
++ grep -vE '^\s*#|^\s*$' /opt/zabbix-config-backup/conf/exclude_tables.txt
++ sed 's/[[:space:]]//g'
+ [[ -z history ]]
+ exclude_args+=(--exclude-table="$tbl")
+ IFS=
+ read -r tbl
+ [[ -z history_uint ]]
+ exclude_args+=(--exclude-table="$tbl")
+ IFS=
+ read -r tbl
+ [[ -z history_str ]]
+ exclude_args+=(--exclude-table="$tbl")
+ IFS=
+ read -r tbl
+ [[ -z history_text ]]
+ exclude_args+=(--exclude-table="$tbl")
+ IFS=
+ read -r tbl
+ [[ -z history_log ]]
+ exclude_args+=(--exclude-table="$tbl")
+ IFS=
+ read -r tbl
+ [[ -z trends ]]
+ exclude_args+=(--exclude-table="$tbl")
+ IFS=
+ read -r tbl
+ [[ -z trends_uint ]]
+ exclude_args+=(--exclude-table="$tbl")
+ IFS=
+ read -r tbl
+ [[ -z events ]]
+ exclude_args+=(--exclude-table="$tbl")
+ IFS=
+ read -r tbl
+ [[ -z problem ]]
+ exclude_args+=(--exclude-table="$tbl")
+ IFS=
+ read -r tbl
+ [[ -z alerts ]]
+ exclude_args+=(--exclude-table="$tbl")
+ IFS=
+ read -r tbl
+ [[ -z acknowledges ]]
+ exclude_args+=(--exclude-table="$tbl")
+ IFS=
+ read -r tbl
+ [[ -z auditlog ]]
+ exclude_args+=(--exclude-table="$tbl")
+ IFS=
+ read -r tbl
+ [[ -z auditlog_details ]]
+ exclude_args+=(--exclude-table="$tbl")
+ IFS=
+ read -r tbl
+ [[ -z escalations ]]
+ exclude_args+=(--exclude-table="$tbl")
+ IFS=
+ read -r tbl
+ [[ -z service_alarms ]]
+ exclude_args+=(--exclude-table="$tbl")
+ IFS=
+ read -r tbl
+ [[ -z sessions ]]
+ exclude_args+=(--exclude-table="$tbl")
+ IFS=
+ read -r tbl
+ [[ -z housekeeper ]]
+ exclude_args+=(--exclude-table="$tbl")
+ IFS=
+ read -r tbl
+ [[ custom == \c\u\s\t\o\m ]]
+ outfile=/opt/zabbix-config-backup/storage/db/zabbix_postgresql_config_only_2026-04-26_132225.dump
+ log INFO 'Backup PostgreSQL DB: 172.16.0.3:5432/zabbix'
+ local level=INFO
+ shift
+ tee -a /opt/zabbix-config-backup/storage/zabbix-config-backup.log
++ date '+%F %T'
+ echo '[2026-04-26 13:22:25] [INFO] Backup PostgreSQL DB: 172.16.0.3:5432/zabbix'
[2026-04-26 13:22:25] [INFO] Backup PostgreSQL DB: 172.16.0.3:5432/zabbix
+ export PGPASSWORD=123456
+ PGPASSWORD=123456
+ [[ custom == \c\u\s\t\o\m ]]
+ pg_dump -h 172.16.0.3 -p 5432 -U zabbix -d zabbix -Fc --no-owner --no-privileges --exclude-table=history --exclude-table=history_uint --exclude-table=history_str --exclude-table=history_text --exclude-table=history_log --exclude-table=trends --exclude-table=trends_uint --exclude-table=events --exclude-table=problem --exclude-table=alerts --exclude-table=acknowledges --exclude-table=auditlog --exclude-table=auditlog_details --exclude-table=escalations --exclude-table=service_alarms --exclude-table=sessions --exclude-table=housekeeper -f /opt/zabbix-config-backup/storage/db/zabbix_postgresql_config_only_2026-04-26_132225.dump
+ unset PGPASSWORD
+ DB_BACKUP_FILE=/opt/zabbix-config-backup/storage/db/zabbix_postgresql_config_only_2026-04-26_132225.dump
+ [[ -s /opt/zabbix-config-backup/storage/db/zabbix_postgresql_config_only_2026-04-26_132225.dump ]]
+ ln -sfn /opt/zabbix-config-backup/storage/db/zabbix_postgresql_config_only_2026-04-26_132225.dump /opt/zabbix-config-backup/storage/db/latest
+ DB_STATUS=success
+ log INFO 'DB backup done: /opt/zabbix-config-backup/storage/db/zabbix_postgresql_config_only_2026-04-26_132225.dump'
+ local level=INFO
+ shift
+ tee -a /opt/zabbix-config-backup/storage/zabbix-config-backup.log
++ date '+%F %T'
+ echo '[2026-04-26 13:22:26] [INFO] DB backup done: /opt/zabbix-config-backup/storage/db/zabbix_postgresql_config_only_2026-04-26_132225.dump'
[2026-04-26 13:22:26] [INFO] DB backup done: /opt/zabbix-config-backup/storage/db/zabbix_postgresql_config_only_2026-04-26_132225.dump
+ backup_etc
+ ETC_BACKUP_FILE=
+ ETC_STATUS=skipped
+ [[ true != \t\r\u\e ]]
+ [[ -d /etc/zabbix ]]
+ mkdir -p /opt/zabbix-config-backup/storage/etc
+ local outfile=/opt/zabbix-config-backup/storage/etc/zabbix_etc_2026-04-26_132225.tar.gz
+ local tmp_list
++ mktemp
+ tmp_list=/tmp/tmp.LpMviV6cZu
+ echo /etc/zabbix
+ log INFO 'Backup /etc zabbix: /opt/zabbix-config-backup/storage/etc/zabbix_etc_2026-04-26_132225.tar.gz'
+ local level=INFO
+ shift
+ tee -a /opt/zabbix-config-backup/storage/zabbix-config-backup.log
++ date '+%F %T'
+ echo '[2026-04-26 13:22:26] [INFO] Backup /etc zabbix: /opt/zabbix-config-backup/storage/etc/zabbix_etc_2026-04-26_132225.tar.gz'
[2026-04-26 13:22:26] [INFO] Backup /etc zabbix: /opt/zabbix-config-backup/storage/etc/zabbix_etc_2026-04-26_132225.tar.gz
+ tar -czf /opt/zabbix-config-backup/storage/etc/zabbix_etc_2026-04-26_132225.tar.gz -T /tmp/tmp.LpMviV6cZu
tar: Removing leading `/' from member names
tar: Removing leading `/' from hard link targets
tar: /etc/zabbix/zabbix_server.conf: Cannot open: Permission denied
tar: /etc/zabbix/web/zabbix.conf.php: Cannot open: Permission denied
tar: Exiting with failure status due to previous errors
++ debug_error
++ local exit_code=2
++ echo '[ERROR] Exit code: 2'
[ERROR] Exit code: 2
++ echo '[ERROR] File: /opt/zabbix-config-backup/scripts/backup_etc.sh'
[ERROR] File: /opt/zabbix-config-backup/scripts/backup_etc.sh
++ echo '[ERROR] Line: 28'
[ERROR] Line: 28
++ echo '[ERROR] Command: tar -czf "$outfile" -T "$tmp_list"'
[ERROR] Command: tar -czf "$outfile" -T "$tmp_list"
++ exit 2
